--------------------------------------------------------------------------------
Release 14.7 Trace  (nt64)
Copyright (c) 1995-2013 Xilinx, Inc.  All rights reserved.

D:\xilinx\14.7\ISE_DS\ISE\bin\nt64\unwrapped\trce.exe -intstyle ise -v 3 -s 2
-n 3 -fastpaths -xml xulie_signal.twx xulie_signal.ncd -o xulie_signal.twr
xulie_signal.pcf

Design file:              xulie_signal.ncd
Physical constraint file: xulie_signal.pcf
Device,package,speed:     xc6slx16,csg324,C,-2 (PRODUCTION 1.23 2013-10-13)
Report level:             verbose report

Environment Variable      Effect 
--------------------      ------ 
NONE                      No environment variables were set
--------------------------------------------------------------------------------

INFO:Timing:2698 - No timing constraints found, doing default enumeration.
INFO:Timing:3412 - To improve timing, see the Timing Closure User Guide (UG612).
INFO:Timing:2752 - To get complete path coverage, use the unconstrained paths 
   option. All paths that are not constrained will be reported in the 
   unconstrained paths section(s) of the report.
INFO:Timing:3339 - The clock-to-out numbers in this timing report are based on 
   a 50 Ohm transmission line loading model.  For the details of this model, 
   and for more information on accounting for different loading conditions, 
   please see the device datasheet.



Data Sheet report:
-----------------
All values displayed in nanoseconds (ns)

Setup/Hold to clock clk
------------+------------+------------+------------+------------+------------------+--------+
            |Max Setup to|  Process   |Max Hold to |  Process   |                  | Clock  |
Source      | clk (edge) |   Corner   | clk (edge) |   Corner   |Internal Clock(s) | Phase  |
------------+------------+------------+------------+------------+------------------+--------+
data<0>     |    1.521(R)|      SLOW  |   -0.551(R)|      FAST  |clk_BUFGP         |   0.000|
data<1>     |    2.655(R)|      SLOW  |   -1.022(R)|      FAST  |clk_BUFGP         |   0.000|
data<2>     |    2.547(R)|      SLOW  |   -1.046(R)|      FAST  |clk_BUFGP         |   0.000|
data<3>     |    2.596(R)|      SLOW  |   -1.048(R)|      FAST  |clk_BUFGP         |   0.000|
data<4>     |    1.788(R)|      SLOW  |   -0.661(R)|      FAST  |clk_BUFGP         |   0.000|
data<5>     |    2.752(R)|      SLOW  |   -1.063(R)|      FAST  |clk_BUFGP         |   0.000|
data<6>     |    2.629(R)|      SLOW  |   -1.064(R)|      FAST  |clk_BUFGP         |   0.000|
data<7>     |    2.800(R)|      SLOW  |   -1.082(R)|      FAST  |clk_BUFGP         |   0.000|
en          |    1.922(R)|      SLOW  |    0.196(R)|      SLOW  |clk_BUFGP         |   0.000|
rst_n       |    1.721(R)|      SLOW  |   -0.397(R)|      SLOW  |clk_BUFGP         |   0.000|
------------+------------+------------+------------+------------+------------------+--------+

Clock clk to Pad
------------+-----------------+------------+-----------------+------------+------------------+--------+
            |Max (slowest) clk|  Process   |Min (fastest) clk|  Process   |                  | Clock  |
Destination |  (edge) to PAD  |   Corner   |  (edge) to PAD  |   Corner   |Internal Clock(s) | Phase  |
------------+-----------------+------------+-----------------+------------+------------------+--------+
tx          |         8.703(R)|      SLOW  |         3.524(R)|      FAST  |clk_BUFGP         |   0.000|
tx_done     |         8.775(R)|      SLOW  |         3.586(R)|      FAST  |clk_BUFGP         |   0.000|
------------+-----------------+------------+-----------------+------------+------------------+--------+

Clock to Setup on destination clock clk
---------------+---------+---------+---------+---------+
               | Src:Rise| Src:Fall| Src:Rise| Src:Fall|
Source Clock   |Dest:Rise|Dest:Rise|Dest:Fall|Dest:Fall|
---------------+---------+---------+---------+---------+
clk            |    4.496|         |         |         |
---------------+---------+---------+---------+---------+


Analysis completed Thu Aug 19 22:11:52 2021 
--------------------------------------------------------------------------------

Trace Settings:
-------------------------
Trace Settings 

Peak Memory Usage: 4574 MB



