Release 14.7 - xst P.20131013 (nt64)
Copyright (c) 1995-2013 Xilinx, Inc.  All rights reserved.
--> Parameter TMPDIR set to xst/projnav.tmp


Total REAL time to Xst completion: 0.00 secs
Total CPU time to Xst completion: 0.36 secs
 
--> Parameter xsthdpdir set to xst


Total REAL time to Xst completion: 0.00 secs
Total CPU time to Xst completion: 0.36 secs
 
--> Reading design: xulie_signal.prj

TABLE OF CONTENTS
  1) Synthesis Options Summary
  2) HDL Parsing
  3) HDL Elaboration
  4) HDL Synthesis
       4.1) HDL Synthesis Report
  5) Advanced HDL Synthesis
       5.1) Advanced HDL Synthesis Report
  6) Low Level Synthesis
  7) Partition Report
  8) Design Summary
       8.1) Primitive and Black Box Usage
       8.2) Device utilization summary
       8.3) Partition Resource Summary
       8.4) Timing Report
            8.4.1) Clock Information
            8.4.2) Asynchronous Control Signals Information
            8.4.3) Timing Summary
            8.4.4) Timing Details
            8.4.5) Cross Clock Domains Report


=========================================================================
*                      Synthesis Options Summary                        *
=========================================================================
---- Source Parameters
Input File Name                    : "xulie_signal.prj"
Ignore Synthesis Constraint File   : NO

---- Target Parameters
Output File Name                   : "xulie_signal"
Output Format                      : NGC
Target Device                      : xc6slx16-2-csg324

---- Source Options
Top Module Name                    : xulie_signal
Automatic FSM Extraction           : YES
FSM Encoding Algorithm             : Auto
Safe Implementation                : No
FSM Style                          : LUT
RAM Extraction                     : Yes
RAM Style                          : Auto
ROM Extraction                     : Yes
Shift Register Extraction          : YES
ROM Style                          : Auto
Resource Sharing                   : YES
Asynchronous To Synchronous        : NO
Shift Register Minimum Size        : 2
Use DSP Block                      : Auto
Automatic Register Balancing       : No

---- Target Options
LUT Combining                      : Auto
Reduce Control Sets                : Auto
Add IO Buffers                     : YES
Global Maximum Fanout              : 100000
Add Generic Clock Buffer(BUFG)     : 16
Register Duplication               : YES
Optimize Instantiated Primitives   : NO
Use Clock Enable                   : Auto
Use Synchronous Set                : Auto
Use Synchronous Reset              : Auto
Pack IO Registers into IOBs        : Auto
Equivalent register Removal        : YES

---- General Options
Optimization Goal                  : Speed
Optimization Effort                : 1
Power Reduction                    : NO
Keep Hierarchy                     : No
Netlist Hierarchy                  : As_Optimized
RTL Output                         : Yes
Global Optimization                : AllClockNets
Read Cores                         : YES
Write Timing Constraints           : NO
Cross Clock Analysis               : NO
Hierarchy Separator                : /
Bus Delimiter                      : <>
Case Specifier                     : Maintain
Slice Utilization Ratio            : 100
BRAM Utilization Ratio             : 100
DSP48 Utilization Ratio            : 100
Auto BRAM Packing                  : NO
Slice Utilization Ratio Delta      : 5

=========================================================================


=========================================================================
*                          HDL Parsing                                  *
=========================================================================
Analyzing Verilog file "E:\FPGA\my.verilog.learn\class_6\rtl\xulie_signal.v" into library work
Parsing module <xulie_signal>.

=========================================================================
*                            HDL Elaboration                            *
=========================================================================

Elaborating module <xulie_signal>.

=========================================================================
*                           HDL Synthesis                               *
=========================================================================

Synthesizing Unit <xulie_signal>.
    Related source file is "E:\FPGA\my.verilog.learn\class_6\rtl\xulie_signal.v".
    Found 18-bit register for signal <cnt>.
    Found 1-bit register for signal <tx>.
    Found 1-bit register for signal <tx_done>.
    Found 18-bit adder for signal <cnt[17]_GND_1_o_add_1_OUT> created at line 39.
    Found 18-bit comparator greater for signal <cnt[17]_GND_1_o_LessThan_16_o> created at line 71
    Found 18-bit comparator greater for signal <GND_1_o_cnt[17]_LessThan_17_o> created at line 73
    Found 18-bit comparator greater for signal <cnt[17]_PWR_1_o_LessThan_18_o> created at line 73
    Summary:
	inferred   1 Adder/Subtractor(s).
	inferred  20 D-type flip-flop(s).
	inferred   3 Comparator(s).
	inferred   4 Multiplexer(s).
Unit <xulie_signal> synthesized.

=========================================================================
HDL Synthesis Report

Macro Statistics
# Adders/Subtractors                                   : 1
 18-bit adder                                          : 1
# Registers                                            : 3
 1-bit register                                        : 2
 18-bit register                                       : 1
# Comparators                                          : 3
 18-bit comparator greater                             : 3
# Multiplexers                                         : 4
 1-bit 2-to-1 multiplexer                              : 2
 18-bit 2-to-1 multiplexer                             : 2

=========================================================================

=========================================================================
*                       Advanced HDL Synthesis                          *
=========================================================================


=========================================================================
Advanced HDL Synthesis Report

Macro Statistics
# Adders/Subtractors                                   : 1
 18-bit adder                                          : 1
# Registers                                            : 20
 Flip-Flops                                            : 20
# Comparators                                          : 3
 18-bit comparator greater                             : 3
# Multiplexers                                         : 4
 1-bit 2-to-1 multiplexer                              : 2
 18-bit 2-to-1 multiplexer                             : 2

=========================================================================

=========================================================================
*                         Low Level Synthesis                           *
=========================================================================

Optimizing unit <xulie_signal> ...

Mapping all equations...
Building and optimizing final netlist ...
Found area constraint ratio of 100 (+ 5) on block xulie_signal, actual ratio is 0.

Final Macro Processing ...

=========================================================================
Final Register Report

Macro Statistics
# Registers                                            : 20
 Flip-Flops                                            : 20

=========================================================================

=========================================================================
*                           Partition Report                            *
=========================================================================

Partition Implementation Status
-------------------------------

  No Partitions were found in this design.

-------------------------------

=========================================================================
*                            Design Summary                             *
=========================================================================

Top Level Output File Name         : xulie_signal.ngc

Primitive and Black Box Usage:
------------------------------
# BELS                             : 109
#      GND                         : 1
#      INV                         : 2
#      LUT1                        : 17
#      LUT2                        : 2
#      LUT3                        : 23
#      LUT4                        : 5
#      LUT5                        : 6
#      LUT6                        : 17
#      MUXCY                       : 17
#      VCC                         : 1
#      XORCY                       : 18
# FlipFlops/Latches                : 20
#      FDC                         : 19
#      FDCE                        : 1
# Clock Buffers                    : 1
#      BUFGP                       : 1
# IO Buffers                       : 12
#      IBUF                        : 10
#      OBUF                        : 2

Device utilization summary:
---------------------------

Selected Device : 6slx16csg324-2 


Slice Logic Utilization: 
 Number of Slice Registers:              20  out of  18224     0%  
 Number of Slice LUTs:                   72  out of   9112     0%  
    Number used as Logic:                72  out of   9112     0%  

Slice Logic Distribution: 
 Number of LUT Flip Flop pairs used:     72
   Number with an unused Flip Flop:      52  out of     72    72%  
   Number with an unused LUT:             0  out of     72     0%  
   Number of fully used LUT-FF pairs:    20  out of     72    27%  
   Number of unique control sets:         2

IO Utilization: 
 Number of IOs:                          13
 Number of bonded IOBs:                  13  out of    232     5%  

Specific Feature Utilization:
 Number of BUFG/BUFGCTRLs:                1  out of     16     6%  

---------------------------
Partition Resource Summary:
---------------------------

  No Partitions were found in this design.

---------------------------


=========================================================================
Timing Report

NOTE: THESE TIMING NUMBERS ARE ONLY A SYNTHESIS ESTIMATE.
      FOR ACCURATE TIMING INFORMATION PLEASE REFER TO THE TRACE REPORT
      GENERATED AFTER PLACE-and-ROUTE.

Clock Information:
------------------
-----------------------------------+------------------------+-------+
Clock Signal                       | Clock buffer(FF name)  | Load  |
-----------------------------------+------------------------+-------+
clk                                | BUFGP                  | 20    |
-----------------------------------+------------------------+-------+

Asynchronous Control Signals Information:
----------------------------------------
No asynchronous control signals found in this design

Timing Summary:
---------------
Speed Grade: -2

   Minimum period: 5.513ns (Maximum Frequency: 181.389MHz)
   Minimum input arrival time before clock: 5.150ns
   Maximum output required time after clock: 4.162ns
   Maximum combinational path delay: No path found

Timing Details:
---------------
All values displayed in nanoseconds (ns)

=========================================================================
Timing constraint: Default period analysis for Clock 'clk'
  Clock period: 5.513ns (frequency: 181.389MHz)
  Total number of paths / destination ports: 739 / 20
-------------------------------------------------------------------------
Delay:               5.513ns (Levels of Logic = 4)
  Source:            cnt_16 (FF)
  Destination:       tx (FF)
  Source Clock:      clk rising
  Destination Clock: clk rising

  Data Path: cnt_16 to tx
                                Gate     Net
    Cell:in->out      fanout   Delay   Delay  Logical Name (Net Name)
    ----------------------------------------  ------------
     FDC:C->Q              4   0.525   1.234  cnt_16 (cnt_16)
     LUT5:I0->O            6   0.254   0.876  cnt[17]_GND_1_o_equal_10_o<17>111 (cnt[17]_GND_1_o_equal_10_o<17>11)
     LUT6:I5->O            2   0.254   0.834  cnt[17]_GND_1_o_equal_11_o<17>21 (cnt[17]_GND_1_o_equal_11_o<17>2)
     LUT6:I4->O            1   0.250   0.958  cnt[17]_data[0]_Select_14_o<0>1 (cnt[17]_data[0]_Select_14_o<0>)
     LUT6:I2->O            1   0.254   0.000  cnt[17]_data[0]_Select_14_o<0>7 (cnt[17]_data[0]_Select_14_o)
     FDCE:D                    0.074          tx
    ----------------------------------------
    Total                      5.513ns (1.611ns logic, 3.902ns route)
                                       (29.2% logic, 70.8% route)

=========================================================================
Timing constraint: Default OFFSET IN BEFORE for Clock 'clk'
  Total number of paths / destination ports: 48 / 41
-------------------------------------------------------------------------
Offset:              5.150ns (Levels of Logic = 4)
  Source:            data<5> (PAD)
  Destination:       tx (FF)
  Destination Clock: clk rising

  Data Path: data<5> to tx
                                Gate     Net
    Cell:in->out      fanout   Delay   Delay  Logical Name (Net Name)
    ----------------------------------------  ------------
     IBUF:I->O             1   1.328   1.137  data_5_IBUF (data_5_IBUF)
     LUT6:I0->O            1   0.254   0.910  cnt[17]_data[0]_Select_14_o<0>1_SW0 (N11)
     LUT6:I3->O            1   0.235   0.958  cnt[17]_data[0]_Select_14_o<0>1 (cnt[17]_data[0]_Select_14_o<0>)
     LUT6:I2->O            1   0.254   0.000  cnt[17]_data[0]_Select_14_o<0>7 (cnt[17]_data[0]_Select_14_o)
     FDCE:D                    0.074          tx
    ----------------------------------------
    Total                      5.150ns (2.145ns logic, 3.005ns route)
                                       (41.7% logic, 58.3% route)

=========================================================================
Timing constraint: Default OFFSET OUT AFTER for Clock 'clk'
  Total number of paths / destination ports: 2 / 2
-------------------------------------------------------------------------
Offset:              4.162ns (Levels of Logic = 1)
  Source:            tx (FF)
  Destination:       tx (PAD)
  Source Clock:      clk rising

  Data Path: tx to tx
                                Gate     Net
    Cell:in->out      fanout   Delay   Delay  Logical Name (Net Name)
    ----------------------------------------  ------------
     FDCE:C->Q             2   0.525   0.725  tx (tx_OBUF)
     OBUF:I->O                 2.912          tx_OBUF (tx)
    ----------------------------------------
    Total                      4.162ns (3.437ns logic, 0.725ns route)
                                       (82.6% logic, 17.4% route)

=========================================================================

Cross Clock Domains Report:
--------------------------

Clock to Setup on destination clock clk
---------------+---------+---------+---------+---------+
               | Src:Rise| Src:Fall| Src:Rise| Src:Fall|
Source Clock   |Dest:Rise|Dest:Rise|Dest:Fall|Dest:Fall|
---------------+---------+---------+---------+---------+
clk            |    5.513|         |         |         |
---------------+---------+---------+---------+---------+

=========================================================================


Total REAL time to Xst completion: 9.00 secs
Total CPU time to Xst completion: 9.43 secs
 
--> 

Total memory usage is 4485844 kilobytes

Number of errors   :    0 (   0 filtered)
Number of warnings :    0 (   0 filtered)
Number of infos    :    0 (   0 filtered)

