Release 14.7 - xst P.20131013 (nt64)
Copyright (c) 1995-2013 Xilinx, Inc.  All rights reserved.
--> Parameter TMPDIR set to xst/projnav.tmp


Total REAL time to Xst completion: 1.00 secs
Total CPU time to Xst completion: 0.11 secs
 
--> Parameter xsthdpdir set to xst


Total REAL time to Xst completion: 1.00 secs
Total CPU time to Xst completion: 0.11 secs
 
--> Reading design: led_driver.prj

TABLE OF CONTENTS
  1) Synthesis Options Summary
  2) HDL Parsing
  3) HDL Elaboration
  4) HDL Synthesis
       4.1) HDL Synthesis Report
  5) Advanced HDL Synthesis
       5.1) Advanced HDL Synthesis Report
  6) Low Level Synthesis
  7) Partition Report
  8) Design Summary
       8.1) Primitive and Black Box Usage
       8.2) Device utilization summary
       8.3) Partition Resource Summary
       8.4) Timing Report
            8.4.1) Clock Information
            8.4.2) Asynchronous Control Signals Information
            8.4.3) Timing Summary
            8.4.4) Timing Details
            8.4.5) Cross Clock Domains Report


=========================================================================
*                      Synthesis Options Summary                        *
=========================================================================
---- Source Parameters
Input File Name                    : "led_driver.prj"
Ignore Synthesis Constraint File   : NO

---- Target Parameters
Output File Name                   : "led_driver"
Output Format                      : NGC
Target Device                      : xc6slx16-2-csg324

---- Source Options
Top Module Name                    : led_driver
Automatic FSM Extraction           : YES
FSM Encoding Algorithm             : Auto
Safe Implementation                : No
FSM Style                          : LUT
RAM Extraction                     : Yes
RAM Style                          : Auto
ROM Extraction                     : Yes
Shift Register Extraction          : YES
ROM Style                          : Auto
Resource Sharing                   : YES
Asynchronous To Synchronous        : NO
Shift Register Minimum Size        : 2
Use DSP Block                      : Auto
Automatic Register Balancing       : No

---- Target Options
LUT Combining                      : Auto
Reduce Control Sets                : Auto
Add IO Buffers                     : YES
Global Maximum Fanout              : 100000
Add Generic Clock Buffer(BUFG)     : 16
Register Duplication               : YES
Optimize Instantiated Primitives   : NO
Use Clock Enable                   : Auto
Use Synchronous Set                : Auto
Use Synchronous Reset              : Auto
Pack IO Registers into IOBs        : Auto
Equivalent register Removal        : YES

---- General Options
Optimization Goal                  : Speed
Optimization Effort                : 1
Power Reduction                    : NO
Keep Hierarchy                     : No
Netlist Hierarchy                  : As_Optimized
RTL Output                         : Yes
Global Optimization                : AllClockNets
Read Cores                         : YES
Write Timing Constraints           : NO
Cross Clock Analysis               : NO
Hierarchy Separator                : /
Bus Delimiter                      : <>
Case Specifier                     : Maintain
Slice Utilization Ratio            : 100
BRAM Utilization Ratio             : 100
DSP48 Utilization Ratio            : 100
Auto BRAM Packing                  : NO
Slice Utilization Ratio Delta      : 5

=========================================================================


=========================================================================
*                          HDL Parsing                                  *
=========================================================================
Analyzing Verilog file "E:\FPGA\my.verilog.learn\cnt_led\rtl\cnt_led_2.v" into library work
Parsing module <cnt_led_2>.
Analyzing Verilog file "E:\FPGA\my.verilog.learn\cnt_led\rtl\cnt_led.v" into library work
Parsing module <cnt_led>.
Analyzing Verilog file "E:\FPGA\my.verilog.learn\cnt_led\rtl\led_driver.v" into library work
Parsing module <led_driver>.

=========================================================================
*                            HDL Elaboration                            *
=========================================================================

Elaborating module <led_driver>.

Elaborating module <cnt_led>.
WARNING:HDLCompiler:189 - "E:\FPGA\my.verilog.learn\cnt_led\rtl\led_driver.v" Line 34: Size mismatch in connection of port <cnt_max>. Formal port size is 16-bit while actual signal size is 32-bit.
WARNING:HDLCompiler:189 - "E:\FPGA\my.verilog.learn\cnt_led\rtl\led_driver.v" Line 41: Size mismatch in connection of port <cnt_max>. Formal port size is 16-bit while actual signal size is 32-bit.

Elaborating module <cnt_led_2>.

Elaborating module <cnt_led_2(cnt_max=24999)>.

Elaborating module <cnt_led_2(cnt_max=12499)>.

=========================================================================
*                           HDL Synthesis                               *
=========================================================================

Synthesizing Unit <led_driver>.
    Related source file is "E:\FPGA\my.verilog.learn\cnt_led\rtl\led_driver.v".
    Summary:
	no macro.
Unit <led_driver> synthesized.

Synthesizing Unit <cnt_led>.
    Related source file is "E:\FPGA\my.verilog.learn\cnt_led\rtl\cnt_led.v".
    Found 16-bit register for signal <cnt>.
    Found 1-bit register for signal <led>.
    Found 16-bit adder for signal <cnt[15]_GND_2_o_add_1_OUT> created at line 39.
    Found 16-bit comparator equal for signal <cnt[15]_cnt_max[15]_equal_1_o> created at line 36
    Summary:
	inferred   1 Adder/Subtractor(s).
	inferred  17 D-type flip-flop(s).
	inferred   1 Comparator(s).
	inferred   1 Multiplexer(s).
Unit <cnt_led> synthesized.

Synthesizing Unit <cnt_led_2>.
    Related source file is "E:\FPGA\my.verilog.learn\cnt_led\rtl\cnt_led_2.v".
        cnt_max = 49999
    Found 16-bit register for signal <cnt>.
    Found 1-bit register for signal <led>.
    Found 16-bit adder for signal <cnt[15]_GND_3_o_add_1_OUT> created at line 35.
    Found 16-bit comparator greater for signal <cnt[15]_GND_3_o_LessThan_1_o> created at line 34
    Summary:
	inferred   1 Adder/Subtractor(s).
	inferred  17 D-type flip-flop(s).
	inferred   1 Comparator(s).
	inferred   1 Multiplexer(s).
Unit <cnt_led_2> synthesized.

Synthesizing Unit <cnt_led_2_1>.
    Related source file is "E:\FPGA\my.verilog.learn\cnt_led\rtl\cnt_led_2.v".
        cnt_max = 24999
    Found 16-bit register for signal <cnt>.
    Found 1-bit register for signal <led>.
    Found 16-bit adder for signal <cnt[15]_GND_4_o_add_1_OUT> created at line 35.
    Found 16-bit comparator greater for signal <cnt[15]_GND_4_o_LessThan_1_o> created at line 34
    Summary:
	inferred   1 Adder/Subtractor(s).
	inferred  17 D-type flip-flop(s).
	inferred   1 Comparator(s).
	inferred   1 Multiplexer(s).
Unit <cnt_led_2_1> synthesized.

Synthesizing Unit <cnt_led_2_2>.
    Related source file is "E:\FPGA\my.verilog.learn\cnt_led\rtl\cnt_led_2.v".
        cnt_max = 12499
    Found 16-bit register for signal <cnt>.
    Found 1-bit register for signal <led>.
    Found 16-bit adder for signal <cnt[15]_GND_5_o_add_1_OUT> created at line 35.
    Found 16-bit comparator greater for signal <cnt[15]_GND_5_o_LessThan_1_o> created at line 34
    Summary:
	inferred   1 Adder/Subtractor(s).
	inferred  17 D-type flip-flop(s).
	inferred   1 Comparator(s).
	inferred   1 Multiplexer(s).
Unit <cnt_led_2_2> synthesized.

=========================================================================
HDL Synthesis Report

Macro Statistics
# Adders/Subtractors                                   : 5
 16-bit adder                                          : 5
# Registers                                            : 10
 1-bit register                                        : 5
 16-bit register                                       : 5
# Comparators                                          : 5
 16-bit comparator equal                               : 2
 16-bit comparator greater                             : 3
# Multiplexers                                         : 5
 16-bit 2-to-1 multiplexer                             : 5

=========================================================================

=========================================================================
*                       Advanced HDL Synthesis                          *
=========================================================================


Synthesizing (advanced) Unit <cnt_led>.
The following registers are absorbed into counter <cnt>: 1 register on signal <cnt>.
Unit <cnt_led> synthesized (advanced).

Synthesizing (advanced) Unit <cnt_led_2>.
The following registers are absorbed into counter <cnt>: 1 register on signal <cnt>.
Unit <cnt_led_2> synthesized (advanced).

Synthesizing (advanced) Unit <cnt_led_2_1>.
The following registers are absorbed into counter <cnt>: 1 register on signal <cnt>.
Unit <cnt_led_2_1> synthesized (advanced).

Synthesizing (advanced) Unit <cnt_led_2_2>.
The following registers are absorbed into counter <cnt>: 1 register on signal <cnt>.
Unit <cnt_led_2_2> synthesized (advanced).

=========================================================================
Advanced HDL Synthesis Report

Macro Statistics
# Counters                                             : 5
 16-bit up counter                                     : 5
# Registers                                            : 5
 Flip-Flops                                            : 5
# Comparators                                          : 5
 16-bit comparator equal                               : 2
 16-bit comparator greater                             : 3

=========================================================================

=========================================================================
*                         Low Level Synthesis                           *
=========================================================================

Optimizing unit <led_driver> ...
WARNING:Xst:1710 - FF/Latch <u_cnt_led_3/cnt_15> (without init value) has a constant value of 0 in block <led_driver>. This FF/Latch will be trimmed during the optimization process.
WARNING:Xst:1895 - Due to other FF/Latch trimming, FF/Latch <u_cnt_led_4/cnt_15> (without init value) has a constant value of 0 in block <led_driver>. This FF/Latch will be trimmed during the optimization process.
WARNING:Xst:1895 - Due to other FF/Latch trimming, FF/Latch <u_cnt_led_5/cnt_15> (without init value) has a constant value of 0 in block <led_driver>. This FF/Latch will be trimmed during the optimization process.
INFO:Xst:2261 - The FF/Latch <u_cnt_led_3/cnt_0> in Unit <led_driver> is equivalent to the following 2 FFs/Latches, which will be removed : <u_cnt_led_4/cnt_0> <u_cnt_led_5/cnt_0> 
INFO:Xst:2261 - The FF/Latch <u_cnt_led_3/cnt_1> in Unit <led_driver> is equivalent to the following 2 FFs/Latches, which will be removed : <u_cnt_led_4/cnt_1> <u_cnt_led_5/cnt_1> 
INFO:Xst:2261 - The FF/Latch <u_cnt_led_3/led> in Unit <led_driver> is equivalent to the following 2 FFs/Latches, which will be removed : <u_cnt_led_4/led> <u_cnt_led_5/led> 
INFO:Xst:2261 - The FF/Latch <u_cnt_led_3/cnt_2> in Unit <led_driver> is equivalent to the following 2 FFs/Latches, which will be removed : <u_cnt_led_4/cnt_2> <u_cnt_led_5/cnt_2> 
INFO:Xst:2261 - The FF/Latch <u_cnt_led_3/cnt_3> in Unit <led_driver> is equivalent to the following 2 FFs/Latches, which will be removed : <u_cnt_led_4/cnt_3> <u_cnt_led_5/cnt_3> 
INFO:Xst:2261 - The FF/Latch <u_cnt_led_3/cnt_4> in Unit <led_driver> is equivalent to the following 2 FFs/Latches, which will be removed : <u_cnt_led_4/cnt_4> <u_cnt_led_5/cnt_4> 
INFO:Xst:2261 - The FF/Latch <u_cnt_led_3/cnt_5> in Unit <led_driver> is equivalent to the following 2 FFs/Latches, which will be removed : <u_cnt_led_4/cnt_5> <u_cnt_led_5/cnt_5> 
INFO:Xst:2261 - The FF/Latch <u_cnt_led_3/cnt_6> in Unit <led_driver> is equivalent to the following 2 FFs/Latches, which will be removed : <u_cnt_led_4/cnt_6> <u_cnt_led_5/cnt_6> 
INFO:Xst:2261 - The FF/Latch <u_cnt_led_3/cnt_7> in Unit <led_driver> is equivalent to the following 2 FFs/Latches, which will be removed : <u_cnt_led_4/cnt_7> <u_cnt_led_5/cnt_7> 
INFO:Xst:2261 - The FF/Latch <u_cnt_led_2/cnt_0> in Unit <led_driver> is equivalent to the following FF/Latch, which will be removed : <u_cnt_led_1/cnt_0> 
INFO:Xst:2261 - The FF/Latch <u_cnt_led_3/cnt_8> in Unit <led_driver> is equivalent to the following 2 FFs/Latches, which will be removed : <u_cnt_led_4/cnt_8> <u_cnt_led_5/cnt_8> 
INFO:Xst:2261 - The FF/Latch <u_cnt_led_2/cnt_1> in Unit <led_driver> is equivalent to the following FF/Latch, which will be removed : <u_cnt_led_1/cnt_1> 
INFO:Xst:2261 - The FF/Latch <u_cnt_led_3/cnt_9> in Unit <led_driver> is equivalent to the following 2 FFs/Latches, which will be removed : <u_cnt_led_4/cnt_9> <u_cnt_led_5/cnt_9> 
INFO:Xst:2261 - The FF/Latch <u_cnt_led_2/cnt_2> in Unit <led_driver> is equivalent to the following FF/Latch, which will be removed : <u_cnt_led_1/cnt_2> 
INFO:Xst:2261 - The FF/Latch <u_cnt_led_3/cnt_10> in Unit <led_driver> is equivalent to the following 2 FFs/Latches, which will be removed : <u_cnt_led_4/cnt_10> <u_cnt_led_5/cnt_10> 
INFO:Xst:2261 - The FF/Latch <u_cnt_led_3/cnt_11> in Unit <led_driver> is equivalent to the following 2 FFs/Latches, which will be removed : <u_cnt_led_4/cnt_11> <u_cnt_led_5/cnt_11> 
INFO:Xst:2261 - The FF/Latch <u_cnt_led_3/cnt_12> in Unit <led_driver> is equivalent to the following 2 FFs/Latches, which will be removed : <u_cnt_led_4/cnt_12> <u_cnt_led_5/cnt_12> 
INFO:Xst:2261 - The FF/Latch <u_cnt_led_3/cnt_13> in Unit <led_driver> is equivalent to the following 2 FFs/Latches, which will be removed : <u_cnt_led_4/cnt_13> <u_cnt_led_5/cnt_13> 
INFO:Xst:2261 - The FF/Latch <u_cnt_led_3/cnt_14> in Unit <led_driver> is equivalent to the following 2 FFs/Latches, which will be removed : <u_cnt_led_4/cnt_14> <u_cnt_led_5/cnt_14> 

Mapping all equations...
Building and optimizing final netlist ...
Found area constraint ratio of 100 (+ 5) on block led_driver, actual ratio is 0.

Final Macro Processing ...

=========================================================================
Final Register Report

Macro Statistics
# Registers                                            : 47
 Flip-Flops                                            : 47

=========================================================================

=========================================================================
*                           Partition Report                            *
=========================================================================

Partition Implementation Status
-------------------------------

  No Partitions were found in this design.

-------------------------------

=========================================================================
*                            Design Summary                             *
=========================================================================

Top Level Output File Name         : led_driver.ngc

Primitive and Black Box Usage:
------------------------------
# BELS                             : 159
#      GND                         : 1
#      INV                         : 1
#      LUT1                        : 5
#      LUT2                        : 7
#      LUT4                        : 1
#      LUT6                        : 56
#      MUXCY                       : 44
#      XORCY                       : 44
# FlipFlops/Latches                : 47
#      FDC                         : 47
# Clock Buffers                    : 1
#      BUFGP                       : 1
# IO Buffers                       : 6
#      IBUF                        : 1
#      OBUF                        : 5

Device utilization summary:
---------------------------

Selected Device : 6slx16csg324-2 


Slice Logic Utilization: 
 Number of Slice Registers:              47  out of  18224     0%  
 Number of Slice LUTs:                   70  out of   9112     0%  
    Number used as Logic:                70  out of   9112     0%  

Slice Logic Distribution: 
 Number of LUT Flip Flop pairs used:     70
   Number with an unused Flip Flop:      23  out of     70    32%  
   Number with an unused LUT:             0  out of     70     0%  
   Number of fully used LUT-FF pairs:    47  out of     70    67%  
   Number of unique control sets:         1

IO Utilization: 
 Number of IOs:                           7
 Number of bonded IOBs:                   7  out of    232     3%  

Specific Feature Utilization:
 Number of BUFG/BUFGCTRLs:                1  out of     16     6%  

---------------------------
Partition Resource Summary:
---------------------------

  No Partitions were found in this design.

---------------------------


=========================================================================
Timing Report

NOTE: THESE TIMING NUMBERS ARE ONLY A SYNTHESIS ESTIMATE.
      FOR ACCURATE TIMING INFORMATION PLEASE REFER TO THE TRACE REPORT
      GENERATED AFTER PLACE-and-ROUTE.

Clock Information:
------------------
-----------------------------------+------------------------+-------+
Clock Signal                       | Clock buffer(FF name)  | Load  |
-----------------------------------+------------------------+-------+
clk                                | BUFGP                  | 47    |
-----------------------------------+------------------------+-------+

Asynchronous Control Signals Information:
----------------------------------------
No asynchronous control signals found in this design

Timing Summary:
---------------
Speed Grade: -2

   Minimum period: 4.837ns (Maximum Frequency: 206.750MHz)
   Minimum input arrival time before clock: 4.493ns
   Maximum output required time after clock: 4.240ns
   Maximum combinational path delay: No path found

Timing Details:
---------------
All values displayed in nanoseconds (ns)

=========================================================================
Timing constraint: Default period analysis for Clock 'clk'
  Clock period: 4.837ns (frequency: 206.750MHz)
  Total number of paths / destination ports: 6436 / 47
-------------------------------------------------------------------------
Delay:               4.837ns (Levels of Logic = 18)
  Source:            u_cnt_led_1/cnt_12 (FF)
  Destination:       u_cnt_led_1/cnt_15 (FF)
  Source Clock:      clk rising
  Destination Clock: clk rising

  Data Path: u_cnt_led_1/cnt_12 to u_cnt_led_1/cnt_15
                                Gate     Net
    Cell:in->out      fanout   Delay   Delay  Logical Name (Net Name)
    ----------------------------------------  ------------
     FDC:C->Q              2   0.525   1.181  u_cnt_led_1/cnt_12 (u_cnt_led_1/cnt_12)
     LUT6:I0->O           17   0.254   1.317  u_cnt_led_1/cnt[15]_PWR_2_o_equal_5_o<15>12 (u_cnt_led_1/cnt[15]_PWR_2_o_equal_5_o<15>12)
     LUT6:I4->O            1   0.250   0.681  u_cnt_led_1/cnt[15]_cnt_max[15]_equal_1_o_inv1 (u_cnt_led_1/cnt[15]_cnt_max[15]_equal_1_o_inv)
     MUXCY:CI->O           1   0.023   0.000  u_cnt_led_1/Mcount_cnt_cy<0> (u_cnt_led_1/Mcount_cnt_cy<0>)
     MUXCY:CI->O           1   0.023   0.000  u_cnt_led_1/Mcount_cnt_cy<1> (u_cnt_led_1/Mcount_cnt_cy<1>)
     MUXCY:CI->O           1   0.023   0.000  u_cnt_led_1/Mcount_cnt_cy<2> (u_cnt_led_1/Mcount_cnt_cy<2>)
     MUXCY:CI->O           1   0.023   0.000  u_cnt_led_1/Mcount_cnt_cy<3> (u_cnt_led_1/Mcount_cnt_cy<3>)
     MUXCY:CI->O           1   0.023   0.000  u_cnt_led_1/Mcount_cnt_cy<4> (u_cnt_led_1/Mcount_cnt_cy<4>)
     MUXCY:CI->O           1   0.023   0.000  u_cnt_led_1/Mcount_cnt_cy<5> (u_cnt_led_1/Mcount_cnt_cy<5>)
     MUXCY:CI->O           1   0.023   0.000  u_cnt_led_1/Mcount_cnt_cy<6> (u_cnt_led_1/Mcount_cnt_cy<6>)
     MUXCY:CI->O           1   0.023   0.000  u_cnt_led_1/Mcount_cnt_cy<7> (u_cnt_led_1/Mcount_cnt_cy<7>)
     MUXCY:CI->O           1   0.023   0.000  u_cnt_led_1/Mcount_cnt_cy<8> (u_cnt_led_1/Mcount_cnt_cy<8>)
     MUXCY:CI->O           1   0.023   0.000  u_cnt_led_1/Mcount_cnt_cy<9> (u_cnt_led_1/Mcount_cnt_cy<9>)
     MUXCY:CI->O           1   0.023   0.000  u_cnt_led_1/Mcount_cnt_cy<10> (u_cnt_led_1/Mcount_cnt_cy<10>)
     MUXCY:CI->O           1   0.023   0.000  u_cnt_led_1/Mcount_cnt_cy<11> (u_cnt_led_1/Mcount_cnt_cy<11>)
     MUXCY:CI->O           1   0.023   0.000  u_cnt_led_1/Mcount_cnt_cy<12> (u_cnt_led_1/Mcount_cnt_cy<12>)
     MUXCY:CI->O           1   0.023   0.000  u_cnt_led_1/Mcount_cnt_cy<13> (u_cnt_led_1/Mcount_cnt_cy<13>)
     MUXCY:CI->O           0   0.023   0.000  u_cnt_led_1/Mcount_cnt_cy<14> (u_cnt_led_1/Mcount_cnt_cy<14>)
     XORCY:CI->O           1   0.206   0.000  u_cnt_led_1/Mcount_cnt_xor<15> (u_cnt_led_1/Mcount_cnt15)
     FDC:D                     0.074          u_cnt_led_1/cnt_15
    ----------------------------------------
    Total                      4.837ns (1.658ns logic, 3.179ns route)
                                       (34.3% logic, 65.7% route)

=========================================================================
Timing constraint: Default OFFSET IN BEFORE for Clock 'clk'
  Total number of paths / destination ports: 47 / 47
-------------------------------------------------------------------------
Offset:              4.493ns (Levels of Logic = 2)
  Source:            rst_n (PAD)
  Destination:       u_cnt_led_3/cnt_0 (FF)
  Destination Clock: clk rising

  Data Path: rst_n to u_cnt_led_3/cnt_0
                                Gate     Net
    Cell:in->out      fanout   Delay   Delay  Logical Name (Net Name)
    ----------------------------------------  ------------
     IBUF:I->O             1   1.328   0.681  rst_n_IBUF (rst_n_IBUF)
     INV:I->O             47   0.255   1.770  rst_n_inv1_INV_0 (rst_n_inv)
     FDC:CLR                   0.459          u_cnt_led_2/cnt_0
    ----------------------------------------
    Total                      4.493ns (2.042ns logic, 2.451ns route)
                                       (45.5% logic, 54.5% route)

=========================================================================
Timing constraint: Default OFFSET OUT AFTER for Clock 'clk'
  Total number of paths / destination ports: 5 / 5
-------------------------------------------------------------------------
Offset:              4.240ns (Levels of Logic = 1)
  Source:            u_cnt_led_3/led (FF)
  Destination:       led_4 (PAD)
  Source Clock:      clk rising

  Data Path: u_cnt_led_3/led to led_4
                                Gate     Net
    Cell:in->out      fanout   Delay   Delay  Logical Name (Net Name)
    ----------------------------------------  ------------
     FDC:C->Q              4   0.525   0.803  u_cnt_led_3/led (u_cnt_led_3/led)
     OBUF:I->O                 2.912          led_4_OBUF (led_4)
    ----------------------------------------
    Total                      4.240ns (3.437ns logic, 0.803ns route)
                                       (81.1% logic, 18.9% route)

=========================================================================

Cross Clock Domains Report:
--------------------------

Clock to Setup on destination clock clk
---------------+---------+---------+---------+---------+
               | Src:Rise| Src:Fall| Src:Rise| Src:Fall|
Source Clock   |Dest:Rise|Dest:Rise|Dest:Fall|Dest:Fall|
---------------+---------+---------+---------+---------+
clk            |    4.837|         |         |         |
---------------+---------+---------+---------+---------+

=========================================================================


Total REAL time to Xst completion: 6.00 secs
Total CPU time to Xst completion: 5.48 secs
 
--> 

Total memory usage is 4485844 kilobytes

Number of errors   :    0 (   0 filtered)
Number of warnings :    5 (   0 filtered)
Number of infos    :   19 (   0 filtered)

